// Jest Snapshot v1, https://goo.gl/fbAQLP

exports[`renders null if id in video component not specified 1`] = `ShallowWrapper {}`;

exports[`renders video component correctly 1`] = `ShallowWrapper {}`;
