// Jest Snapshot v1, https://goo.gl/fbAQLP

exports[`renders SideBarFooter 1`] = `ShallowWrapper {}`;
