// Jest Snapshot v1, https://goo.gl/fbAQLP

exports[`renders SideBarHeader 1`] = `ShallowWrapper {}`;
