// Jest Snapshot v1, https://goo.gl/fbAQLP

exports[`VideoGrid renders with title prop 1`] = `ShallowWrapper {}`;

exports[`VideoGrid renders without divider 1`] = `ShallowWrapper {}`;

exports[`VideoGrid renders without props 1`] = `ShallowWrapper {}`;
