// Jest Snapshot v1, https://goo.gl/fbAQLP

exports[`Rating renders 1`] = `ShallowWrapper {}`;
