// Jest Snapshot v1, https://goo.gl/fbAQLP

exports[`AddComment AddComment renders correctly 1`] = `ShallowWrapper {}`;
