// Jest Snapshot v1, https://goo.gl/fbAQLP

exports[`VideoPreview renders horizontally 1`] = `ShallowWrapper {}`;

exports[`VideoPreview renders vertically 1`] = `ShallowWrapper {}`;
