// Jest Snapshot v1, https://goo.gl/fbAQLP

exports[`renders <AppLayout/> with children 1`] = `ShallowWrapper {}`;

exports[`renders <AppLayout/> with one child 1`] = `ShallowWrapper {}`;

exports[`renders empty <AppLayout/> 1`] = `ShallowWrapper {}`;
